=== Part 1: O(N) + cubic anisotropy, one loop, eps = 1 ===
  N = 2: y_v at the O(N) point = -0.2000 (IRRELEVANT -> O(N) emerges)
     UV (u, v) = (0.2, +0.15): -> (u, v) = (0.6000, 0.0000)   [O(N): u* = 0.6000, v = 0]
     UV (u, v) = (0.2, -0.10): -> (u, v) = (0.6000, -0.0000)   [O(N): u* = 0.6000, v = 0]
     UV (u, v) = (0.05, +0.30): -> (u, v) = (0.6000, 0.0000)   [O(N): u* = 0.6000, v = 0]
  N = 3: y_v at the O(N) point = -0.0909 (IRRELEVANT -> O(N) emerges)
     UV (u, v) = (0.2, +0.15): -> (u, v) = (0.5455, 0.0000)   [O(N): u* = 0.5455, v = 0]
     UV (u, v) = (0.2, -0.10): RUNAWAY (fluct.-induced 1st order)
     UV (u, v) = (0.05, +0.30): -> (u, v) = (0.5455, 0.0000)   [O(N): u* = 0.5455, v = 0]
  N = 3.5: y_v at the O(N) point = -0.0435 (IRRELEVANT -> O(N) emerges)
     UV (u, v) = (0.2, +0.15): -> (u, v) = (0.5217, 0.0000)   [O(N): u* = 0.5217, v = 0]
     UV (u, v) = (0.2, -0.10): RUNAWAY (fluct.-induced 1st order)
     UV (u, v) = (0.05, +0.30): -> (u, v) = (0.5217, 0.0000)   [O(N): u* = 0.5217, v = 0]
  N = 4.5: y_v at the O(N) point = +0.0400 (RELEVANT -> no enhancement)
     UV (u, v) = (0.2, +0.15): -> (u, v) = (0.4444, 0.0741)   [O(N): u* = 0.4800, v = 0]
     UV (u, v) = (0.2, -0.10): RUNAWAY (fluct.-induced 1st order)
     UV (u, v) = (0.05, +0.30): -> (u, v) = (0.4444, 0.0741)   [O(N): u* = 0.4800, v = 0]
  N = 6: y_v at the O(N) point = +0.1429 (RELEVANT -> no enhancement)
     UV (u, v) = (0.2, +0.15): -> (u, v) = (0.3333, 0.2222)   [O(N): u* = 0.4286, v = 0]
     UV (u, v) = (0.2, -0.10): RUNAWAY (fluct.-induced 1st order)
     UV (u, v) = (0.05, +0.30): -> (u, v) = (0.3333, 0.2222)   [O(N): u* = 0.4286, v = 0]
  one-loop N_c = 4; higher-loop / bootstrap estimates N_c ~ 2.9 (SECONDARY): for N = 3 the cubic
  perturbation is in fact weakly RELEVANT (y_v ~ +0.01), i.e. N = 3 is NOT robustly enhanced (contested/marginal)

=== Part 2: 2D Ising at T_c, emergent rotation symmetry (L = 128, Wolff) ===
