.................................................................F..F.F. [ 29%]
.F................................s..................................... [ 59%]
...........FF..............F......F.....F............................... [ 89%]
..........................                                               [100%]
=================================== FAILURES ===================================
______ TestExpectedRed.test_a_declaration_citing_a_closed_pass_is_refused ______

self = <test_expected_red.TestExpectedRed testMethod=test_a_declaration_citing_a_closed_pass_is_refused>

    def test_a_declaration_citing_a_closed_pass_is_refused(self):
        """The adjudication closes, the test keeps failing for an unrelated reason, and the runner
        would otherwise print green while citing a ruling that already happened. Staleness cannot
        catch it -- stale fires only when a test starts PASSING."""
        base = X.open_passes()
        X.open_passes = lambda: {**base, "P1A-EDGE-REPRESENTATION": {"status": "CLOSED", "symptomless": False}}
        rc, out = self._run()
        self.assertEqual(rc, 1)
>       self.assertIn("NON-OPEN PASS", out)
E       AssertionError: 'NON-OPEN PASS' not found in "  EXPECTED-RED  test_prereg_immutable.py::TestBlindSafe::test_blind_safe_preregs_carry_no_result_adjacent_numerics\n                [P3-SEALED-HISTORY-POLICY] 1 case(s)\n                  - PREREG_DESI_DR3_2026-08-18.txt :: an arXiv id\n  EXPECTED-RED  test_prereg_immutable.py::TestBlindSafe::test_no_sealed_prereg_points_outward_at_its_own_context\n                [P2-TERMINATION-EVENTLOG] 2 case(s)\n                  - PREREG_TERMINATION_V3_2026-08-10.txt -> RESULT_TERMINATION_events.txt :: an arXiv id\n                  - PREREG_TERMINATION_V4_2026-08-10.txt -> RESULT_TERMINATION_events.txt :: an arXiv id\n                [P3-SEALED-HISTORY-POLICY] 1 case(s)\n                  - PREREG_DESI_DR3_2026-08-18_v2.txt -> RESULT_DESI_DR3_CONTEXT_2026-08-18.txt :: an arXiv id\n                [P4-TERMINATION-KAPPA-RESULT] 3 case(s)\n                  - PREREG_TERMINATION_V3_2026-08-10.txt -> RESULT_KAPPA_2026-08-08.txt :: a sigma value\n                  - PREREG_TERMINATION_V3_2026-08-10.txt -> RESULT_KAPPA_2026-08-08.txt :: a sigma value stated as a quantity rather than as a bound\n                  - PREREG_TERMINATION_V3_2026-08-10.txt -> RESULT_KAPPA_2026-08-08.txt :: a signed numeric range\n\n  *** ORPHANED OPEN PASS 'P6-STALE-NETS-IN-STANDING-DOCS': open, and no declared case cites it.\n      Either it was ruled and OPEN_PASSES.txt was not updated, or its symptom disappeared without a ruling -- in which case it is MOOT, not CLOSED, and the stanza must say so. If it genuinely cannot have a symptom, declare MAY_HAVE_NO_SYMPTOM: yes with the reason no instrument can see it.\n  *** NEW RED (case): test_prereg_immutable.py::TestBlindSafe::test_no_sealed_prereg_points_outward_at_its_own_context\n      PREREG_TERMINATION_V3_2026-08-10.txt -> RESULT_TERMINATION_events.txt :: a sigma value\n      The test is a declared failure; THIS CASE IS NOT. A new member of a declared set is new.\n  *** NEW RED (case): test_prereg_immutable.py::TestBlindSafe::test_no_sealed_prereg_points_outward_at_its_own_context\n      PREREG_TERMINATION_V3_2026-08-10.txt -> RESULT_TERMINATION_events.txt :: a sigma value stated as a quantity rather than as a bound\n      The test is a declared failure; THIS CASE IS NOT. A new member of a declared set is new.\n  *** NEW RED (case): test_prereg_immutable.py::TestBlindSafe::test_no_sealed_prereg_points_outward_at_its_own_context\n      PREREG_TERMINATION_V4_2026-08-10.txt -> RESULT_TERMINATION_events.txt :: a sigma value\n      The test is a declared failure; THIS CASE IS NOT. A new member of a declared set is new.\n  *** NEW RED (case): test_prereg_immutable.py::TestBlindSafe::test_no_sealed_prereg_points_outward_at_its_own_context\n      PREREG_TERMINATION_V4_2026-08-10.txt -> RESULT_TERMINATION_events.txt :: a sigma value stated as a quantity rather than as a bound\n      The test is a declared failure; THIS CASE IS NOT. A new member of a declared set is new.\n\nFAIL: the failing set is not the declared set.\n"

test_expected_red.py:58: AssertionError
______ TestExpectedRed.test_a_moot_pass_cannot_be_cited_by_a_declaration _______

self = <test_expected_red.TestExpectedRed testMethod=test_a_moot_pass_cannot_be_cited_by_a_declaration>

    def test_a_moot_pass_cannot_be_cited_by_a_declaration(self):
        """MOOT is not a ruling. A declaration resting on a dissolved question must be removed,
        not carried."""
        base = X.open_passes()
        X.open_passes = lambda: {**base, "P1A-EDGE-REPRESENTATION":
                                 {"status": "MOOT", "symptomless": False}}
        rc, out = self._run()
        self.assertEqual(rc, 1)
>       self.assertIn("NON-OPEN PASS", out)
E       AssertionError: 'NON-OPEN PASS' not found in "  EXPECTED-RED  test_prereg_immutable.py::TestBlindSafe::test_blind_safe_preregs_carry_no_result_adjacent_numerics\n                [P3-SEALED-HISTORY-POLICY] 1 case(s)\n                  - PREREG_DESI_DR3_2026-08-18.txt :: an arXiv id\n  EXPECTED-RED  test_prereg_immutable.py::TestBlindSafe::test_no_sealed_prereg_points_outward_at_its_own_context\n                [P2-TERMINATION-EVENTLOG] 2 case(s)\n                  - PREREG_TERMINATION_V3_2026-08-10.txt -> RESULT_TERMINATION_events.txt :: an arXiv id\n                  - PREREG_TERMINATION_V4_2026-08-10.txt -> RESULT_TERMINATION_events.txt :: an arXiv id\n                [P3-SEALED-HISTORY-POLICY] 1 case(s)\n                  - PREREG_DESI_DR3_2026-08-18_v2.txt -> RESULT_DESI_DR3_CONTEXT_2026-08-18.txt :: an arXiv id\n                [P4-TERMINATION-KAPPA-RESULT] 3 case(s)\n                  - PREREG_TERMINATION_V3_2026-08-10.txt -> RESULT_KAPPA_2026-08-08.txt :: a sigma value\n                  - PREREG_TERMINATION_V3_2026-08-10.txt -> RESULT_KAPPA_2026-08-08.txt :: a sigma value stated as a quantity rather than as a bound\n                  - PREREG_TERMINATION_V3_2026-08-10.txt -> RESULT_KAPPA_2026-08-08.txt :: a signed numeric range\n\n  *** ORPHANED OPEN PASS 'P6-STALE-NETS-IN-STANDING-DOCS': open, and no declared case cites it.\n      Either it was ruled and OPEN_PASSES.txt was not updated, or its symptom disappeared without a ruling -- in which case it is MOOT, not CLOSED, and the stanza must say so. If it genuinely cannot have a symptom, declare MAY_HAVE_NO_SYMPTOM: yes with the reason no instrument can see it.\n  *** NEW RED (case): test_prereg_immutable.py::TestBlindSafe::test_no_sealed_prereg_points_outward_at_its_own_context\n      PREREG_TERMINATION_V3_2026-08-10.txt -> RESULT_TERMINATION_events.txt :: a sigma value\n      The test is a declared failure; THIS CASE IS NOT. A new member of a declared set is new.\n  *** NEW RED (case): test_prereg_immutable.py::TestBlindSafe::test_no_sealed_prereg_points_outward_at_its_own_context\n      PREREG_TERMINATION_V3_2026-08-10.txt -> RESULT_TERMINATION_events.txt :: a sigma value stated as a quantity rather than as a bound\n      The test is a declared failure; THIS CASE IS NOT. A new member of a declared set is new.\n  *** NEW RED (case): test_prereg_immutable.py::TestBlindSafe::test_no_sealed_prereg_points_outward_at_its_own_context\n      PREREG_TERMINATION_V4_2026-08-10.txt -> RESULT_TERMINATION_events.txt :: a sigma value\n      The test is a declared failure; THIS CASE IS NOT. A new member of a declared set is new.\n  *** NEW RED (case): test_prereg_immutable.py::TestBlindSafe::test_no_sealed_prereg_points_outward_at_its_own_context\n      PREREG_TERMINATION_V4_2026-08-10.txt -> RESULT_TERMINATION_events.txt :: a sigma value stated as a quantity rather than as a bound\n      The test is a declared failure; THIS CASE IS NOT. A new member of a declared set is new.\n\nFAIL: the failing set is not the declared set.\n"

test_expected_red.py:131: AssertionError
________ TestExpectedRed.test_a_symptomless_pass_is_allowed_and_printed ________

self = <test_expected_red.TestExpectedRed testMethod=test_a_symptomless_pass_is_allowed_and_printed>

    def test_a_symptomless_pass_is_allowed_and_printed(self):
        """The green path for the same rule, and it is load-bearing rather than cosmetic: the
        `shown`-on-ledger-inputs question CANNOT have a symptom, because the resident reads edges
        and those four inputs are ledger prose. It must survive a green run AND be shown on it."""
        rc, out = self._run()
>       self.assertEqual(rc, 0, out)
E       AssertionError: 1 != 0 :   EXPECTED-RED  test_prereg_immutable.py::TestBlindSafe::test_blind_safe_preregs_carry_no_result_adjacent_numerics
E                       [P3-SEALED-HISTORY-POLICY] 1 case(s)
E                         - PREREG_DESI_DR3_2026-08-18.txt :: an arXiv id
E         EXPECTED-RED  test_prereg_immutable.py::TestBlindSafe::test_no_sealed_prereg_points_outward_at_its_own_context
E                       [P2-TERMINATION-EVENTLOG] 2 case(s)
E                         - PREREG_TERMINATION_V3_2026-08-10.txt -> RESULT_TERMINATION_events.txt :: an arXiv id
E                         - PREREG_TERMINATION_V4_2026-08-10.txt -> RESULT_TERMINATION_events.txt :: an arXiv id
E                       [P3-SEALED-HISTORY-POLICY] 1 case(s)
E                         - PREREG_DESI_DR3_2026-08-18_v2.txt -> RESULT_DESI_DR3_CONTEXT_2026-08-18.txt :: an arXiv id
E                       [P4-TERMINATION-KAPPA-RESULT] 3 case(s)
E                         - PREREG_TERMINATION_V3_2026-08-10.txt -> RESULT_KAPPA_2026-08-08.txt :: a sigma value
E                         - PREREG_TERMINATION_V3_2026-08-10.txt -> RESULT_KAPPA_2026-08-08.txt :: a sigma value stated as a quantity rather than as a bound
E                         - PREREG_TERMINATION_V3_2026-08-10.txt -> RESULT_KAPPA_2026-08-08.txt :: a signed numeric range
E       
E         *** ORPHANED OPEN PASS 'P1A-EDGE-REPRESENTATION': open, and no declared case cites it.
E             Either it was ruled and OPEN_PASSES.txt was not updated, or its symptom disappeared without a ruling -- in which case it is MOOT, not CLOSED, and the stanza must say so. If it genuinely cannot have a symptom, declare MAY_HAVE_NO_SYMPTOM: yes with the reason no instrument can see it.
E         *** ORPHANED OPEN PASS 'P6-STALE-NETS-IN-STANDING-DOCS': open, and no declared case cites it.
E             Either it was ruled and OPEN_PASSES.txt was not updated, or its symptom disappeared without a ruling -- in which case it is MOOT, not CLOSED, and the stanza must say so. If it genuinely cannot have a symptom, declare MAY_HAVE_NO_SYMPTOM: yes with the reason no instrument can see it.
E         *** NEW RED (case): test_prereg_immutable.py::TestBlindSafe::test_no_sealed_prereg_points_outward_at_its_own_context
E             PREREG_TERMINATION_V3_2026-08-10.txt -> RESULT_TERMINATION_events.txt :: a sigma value
E             The test is a declared failure; THIS CASE IS NOT. A new member of a declared set is new.
E         *** NEW RED (case): test_prereg_immutable.py::TestBlindSafe::test_no_sealed_prereg_points_outward_at_its_own_context
E             PREREG_TERMINATION_V3_2026-08-10.txt -> RESULT_TERMINATION_events.txt :: a sigma value stated as a quantity rather than as a bound
E             The test is a declared failure; THIS CASE IS NOT. A new member of a declared set is new.
E         *** NEW RED (case): test_prereg_immutable.py::TestBlindSafe::test_no_sealed_prereg_points_outward_at_its_own_context
E             PREREG_TERMINATION_V4_2026-08-10.txt -> RESULT_TERMINATION_events.txt :: a sigma value
E             The test is a declared failure; THIS CASE IS NOT. A new member of a declared set is new.
E         *** NEW RED (case): test_prereg_immutable.py::TestBlindSafe::test_no_sealed_prereg_points_outward_at_its_own_context
E             PREREG_TERMINATION_V4_2026-08-10.txt -> RESULT_TERMINATION_events.txt :: a sigma value stated as a quantity rather than as a bound
E             The test is a declared failure; THIS CASE IS NOT. A new member of a declared set is new.
E       
E       FAIL: the failing set is not the declared set.

test_expected_red.py:119: AssertionError
_____________ TestExpectedRed.test_the_declared_state_is_accepted ______________

self = <test_expected_red.TestExpectedRed testMethod=test_the_declared_state_is_accepted>

    def test_the_declared_state_is_accepted(self):
        """The green path. A classifier that cannot pass its own valid input gets switched off."""
        rc, out = self._run()
>       self.assertEqual(rc, 0, out)
E       AssertionError: 1 != 0 :   EXPECTED-RED  test_prereg_immutable.py::TestBlindSafe::test_blind_safe_preregs_carry_no_result_adjacent_numerics
E                       [P3-SEALED-HISTORY-POLICY] 1 case(s)
E                         - PREREG_DESI_DR3_2026-08-18.txt :: an arXiv id
E         EXPECTED-RED  test_prereg_immutable.py::TestBlindSafe::test_no_sealed_prereg_points_outward_at_its_own_context
E                       [P2-TERMINATION-EVENTLOG] 2 case(s)
E                         - PREREG_TERMINATION_V3_2026-08-10.txt -> RESULT_TERMINATION_events.txt :: an arXiv id
E                         - PREREG_TERMINATION_V4_2026-08-10.txt -> RESULT_TERMINATION_events.txt :: an arXiv id
E                       [P3-SEALED-HISTORY-POLICY] 1 case(s)
E                         - PREREG_DESI_DR3_2026-08-18_v2.txt -> RESULT_DESI_DR3_CONTEXT_2026-08-18.txt :: an arXiv id
E                       [P4-TERMINATION-KAPPA-RESULT] 3 case(s)
E                         - PREREG_TERMINATION_V3_2026-08-10.txt -> RESULT_KAPPA_2026-08-08.txt :: a sigma value
E                         - PREREG_TERMINATION_V3_2026-08-10.txt -> RESULT_KAPPA_2026-08-08.txt :: a sigma value stated as a quantity rather than as a bound
E                         - PREREG_TERMINATION_V3_2026-08-10.txt -> RESULT_KAPPA_2026-08-08.txt :: a signed numeric range
E       
E         *** ORPHANED OPEN PASS 'P1A-EDGE-REPRESENTATION': open, and no declared case cites it.
E             Either it was ruled and OPEN_PASSES.txt was not updated, or its symptom disappeared without a ruling -- in which case it is MOOT, not CLOSED, and the stanza must say so. If it genuinely cannot have a symptom, declare MAY_HAVE_NO_SYMPTOM: yes with the reason no instrument can see it.
E         *** ORPHANED OPEN PASS 'P6-STALE-NETS-IN-STANDING-DOCS': open, and no declared case cites it.
E             Either it was ruled and OPEN_PASSES.txt was not updated, or its symptom disappeared without a ruling -- in which case it is MOOT, not CLOSED, and the stanza must say so. If it genuinely cannot have a symptom, declare MAY_HAVE_NO_SYMPTOM: yes with the reason no instrument can see it.
E         *** NEW RED (case): test_prereg_immutable.py::TestBlindSafe::test_no_sealed_prereg_points_outward_at_its_own_context
E             PREREG_TERMINATION_V3_2026-08-10.txt -> RESULT_TERMINATION_events.txt :: a sigma value
E             The test is a declared failure; THIS CASE IS NOT. A new member of a declared set is new.
E         *** NEW RED (case): test_prereg_immutable.py::TestBlindSafe::test_no_sealed_prereg_points_outward_at_its_own_context
E             PREREG_TERMINATION_V3_2026-08-10.txt -> RESULT_TERMINATION_events.txt :: a sigma value stated as a quantity rather than as a bound
E             The test is a declared failure; THIS CASE IS NOT. A new member of a declared set is new.
E         *** NEW RED (case): test_prereg_immutable.py::TestBlindSafe::test_no_sealed_prereg_points_outward_at_its_own_context
E             PREREG_TERMINATION_V4_2026-08-10.txt -> RESULT_TERMINATION_events.txt :: a sigma value
E             The test is a declared failure; THIS CASE IS NOT. A new member of a declared set is new.
E         *** NEW RED (case): test_prereg_immutable.py::TestBlindSafe::test_no_sealed_prereg_points_outward_at_its_own_context
E             PREREG_TERMINATION_V4_2026-08-10.txt -> RESULT_TERMINATION_events.txt :: a sigma value stated as a quantity rather than as a bound
E             The test is a declared failure; THIS CASE IS NOT. A new member of a declared set is new.
E       
E       FAIL: the failing set is not the declared set.

test_expected_red.py:48: AssertionError
___ TestBlindSafe.test_blind_safe_preregs_carry_no_result_adjacent_numerics ____

self = <test_prereg_immutable.TestBlindSafe testMethod=test_blind_safe_preregs_carry_no_result_adjacent_numerics>

    def test_blind_safe_preregs_carry_no_result_adjacent_numerics(self):
        # COLLECTS EVERY CASE, does not stop at the first. A set-valued guard that fails fast
        # reports one member even when three are broken -- and once that one member is declared
        # expected-red, the other two are invisible. See numeric_leak_cases() and expected_red.py.
        # (The green path is exercised by test_the_sealed_v3_predicate_survives_its_own_guard: an
        # earlier draft of this test built its failure f-string eagerly and crashed when nothing
        # matched -- a guard untested on its passing path.)
        cases = sorted(numeric_leak_cases())
        if cases:
>           self.fail("blind-safe pre-registrations carrying result-adjacent numerics "
                      f"({len(cases)}): " + "; ".join(cases) +
                      " -- motive quantities go in a separate citing file; a blinded reader of "
                      "such a prereg has been unblinded by the seal itself.")
E           AssertionError: blind-safe pre-registrations carrying result-adjacent numerics (1): PREREG_DESI_DR3_2026-08-18.txt :: an arXiv id -- motive quantities go in a separate citing file; a blinded reader of such a prereg has been unblinded by the seal itself.

test_prereg_immutable.py:151: AssertionError
____ TestBlindSafe.test_no_sealed_prereg_points_outward_at_its_own_context _____

self = <test_prereg_immutable.TestBlindSafe testMethod=test_no_sealed_prereg_points_outward_at_its_own_context>

    def test_no_sealed_prereg_points_outward_at_its_own_context(self):
        """THE KAPPA DEFECT, PINNED. Removing motive figures from a blind-safe prereg accomplishes
        nothing if the prereg still NAMES the file they moved to -- a blinded reader follows the
        name and arrives at exactly what the blinding was for. The guard's own docstring records
        this ('the blinding text pointed every blinded agent at that file'), and the repair for the
        v1 violation reproduced it one hop out. Citation runs COMPANION -> SEAL only: a citing file
        binds itself to a sealed predicate by hash; the seal never reaches back."""
        # COLLECTS EVERY CASE. Same reason as above, and this test is the one that proved it:
        # it is one set-valued test over every sealed blind-safe prereg, so declaring it red once
        # declared it red for every file that would ever join the set.
        cases = sorted(pointer_leak_cases())
        if cases:
>           self.fail(f"blind-safe pre-registrations naming a companion that leaks "
                      f"({len(cases)}): " + "; ".join(cases) +
                      " -- the pointer IS the leak. Citation runs COMPANION -> SEAL only.")
E           AssertionError: blind-safe pre-registrations naming a companion that leaks (10): PREREG_DESI_DR3_2026-08-18_v2.txt -> RESULT_DESI_DR3_CONTEXT_2026-08-18.txt :: an arXiv id; PREREG_TERMINATION_V3_2026-08-10.txt -> RESULT_KAPPA_2026-08-08.txt :: a sigma value; PREREG_TERMINATION_V3_2026-08-10.txt -> RESULT_KAPPA_2026-08-08.txt :: a sigma value stated as a quantity rather than as a bound; PREREG_TERMINATION_V3_2026-08-10.txt -> RESULT_KAPPA_2026-08-08.txt :: a signed numeric range; PREREG_TERMINATION_V3_2026-08-10.txt -> RESULT_TERMINATION_events.txt :: a sigma value; PREREG_TERMINATION_V3_2026-08-10.txt -> RESULT_TERMINATION_events.txt :: a sigma value stated as a quantity rather than as a bound; PREREG_TERMINATION_V3_2026-08-10.txt -> RESULT_TERMINATION_events.txt :: an arXiv id; PREREG_TERMINATION_V4_2026-08-10.txt -> RESULT_TERMINATION_events.txt :: a sigma value; PREREG_TERMINATION_V4_2026-08-10.txt -> RESULT_TERMINATION_events.txt :: a sigma value stated as a quantity rather than as a bound; PREREG_TERMINATION_V4_2026-08-10.txt -> RESULT_TERMINATION_events.txt :: an arXiv id -- the pointer IS the leak. Citation runs COMPANION -> SEAL only.

test_prereg_immutable.py:206: AssertionError
_________ TestPublicDoc.test_the_calc_manifest_matches_the_repository __________

self = <test_public_doc.TestPublicDoc testMethod=test_the_calc_manifest_matches_the_repository>

    def test_the_calc_manifest_matches_the_repository(self):
        """The published calculation set must be a property of the REPOSITORY, not of whatever is
        sitting in calc/ when the document is built -- a gitignored mutant reached Appendix E that
        way. The emitter may not shell out, so it reads a committed manifest; THIS test is what
        keeps that manifest from becoming the hand-maintained list Wave 7 found in the one-number
        guard. The truth is derived from git here and compared."""
        r = subprocess.run([sys.executable, os.path.join(HERE, "build_calc_manifest.py"),
                            "--check"], capture_output=True, text=True, timeout=120)
>       self.assertEqual(r.returncode, 0, r.stdout)
E       AssertionError: 1 != 0 : DRIFT: CALC_MANIFEST.txt does not match the repository.
E         tracked but not in the manifest: a6_common_mode.py
E         tracked but not in the manifest: c1_seam.py
E         tracked but not in the manifest: c1a2_packaging.py
E         tracked but not in the manifest: ca1_carrier.py
E         tracked but not in the manifest: cc1_ccons.py
E         tracked but not in the manifest: clock_mismatch_check.py
E         tracked but not in the manifest: common.py
E         tracked but not in the manifest: cp1_coupling.py
E         tracked but not in the manifest: discriminator_d1.py
E         tracked but not in the manifest: end_site_general.py
E         tracked but not in the manifest: eq1_equivalence.py
E         tracked but not in the manifest: fs1_free.py
E         tracked but not in the manifest: g1_geometry.py
E         tracked but not in the manifest: g2_spectral.py
E         tracked but not in the manifest: gr1_gravity.py
E         tracked but not in the manifest: gr2_l6_finite_size.py
E         tracked but not in the manifest: gr2a_coupling.py
E         tracked but not in the manifest: gr2b_probe.py
E         tracked but not in the manifest: gr2c_reach.py
E         tracked but not in the manifest: gr2d2_qcone.py
E         tracked but not in the manifest: gr2d_cone.py
E         tracked but not in the manifest: gs1_geometry.py
E         tracked but not in the manifest: kernel_nonstationarity.py
E         tracked but not in the manifest: kernel_transport_rule.py
E         tracked but not in the manifest: l01a_gap_passivity.py
E         tracked but not in the manifest: l01b_locality.py
E         tracked but not in the manifest: l01c_linearity.py
E         tracked but not in the manifest: l01d_cycle_affinity.py
E         tracked but not in the manifest: l01e_appendix.py
E         tracked but not in the manifest: l01e_lyapunov_timing_nonmember.py
E         tracked but not in the manifest: l01g_d1_latetime_nonmember.py
E         tracked but not in the manifest: l01g_verifier_num_nonmember.py
E         tracked but not in the manifest: l01g_verifier_toy_nonmember.py
E         tracked but not in the manifest: l01h_appendix.py
E         tracked but not in the manifest: l01h_j6_check_nonmember.py
E         tracked but not in the manifest: l01h_verifier_toy1_nonmember.py
E         tracked but not in the manifest: l01h_verifier_toy2_nonmember.py
E         tracked but not in the manifest: l01h_verifier_toy3_nonmember.py
E         tracked but not in the manifest: l01h_verifier_toy4_nonmember.py
E         tracked but not in the manifest: l01h_verifier_toy5_nonmember.py
E         tracked but not in the manifest: make_publication_pdf.py
E         tracked but not in the manifest: p2_influence_cone.py
E         tracked but not in the manifest: p3_nc_lift.py
E         tracked but not in the manifest: p4_hierarchy.py
E         tracked but not in the manifest: p5_access.py
E         tracked but not in the manifest: p6_seed_selection.py
E         tracked but not in the manifest: partition_selection_p1.py
E         tracked but not in the manifest: rs1_retained.py
E         tracked but not in the manifest: s1_L1_L3_generic.py
E         tracked but not in the manifest: s1_koopman_vs_mehler.py
E         tracked but not in the manifest: s1_linear_observability.py
E         tracked but not in the manifest: s2_L7_examples.py
E         tracked but not in the manifest: s2_noise_origin.py
E         tracked but not in the manifest: s2_nonlinear_rank.py
E         tracked but not in the manifest: s2_spectra_wick.py
E         tracked but not in the manifest: s3_L7_random_sector.py
E         tracked but not in the manifest: s3_car_locality.py
E         tracked but not in the manifest: s3_lifts.py
E         tracked but not in the manifest: s41_sel4.py
E         tracked but not in the manifest: s4_L7_config_sectors.py
E         tracked but not in the manifest: s4_kvn_cotangent.py
E         tracked but not in the manifest: s5_L7_correlated_sector.py
E         tracked but not in the manifest: s5_conservative_origin.py
E         tracked but not in the manifest: s6_1_certify.py
E         tracked but not in the manifest: s6_L7_nofrozen.py
E         tracked but not in the manifest: s7_L7_rank6.py
E         tracked but not in the manifest: s8_L4_inclusion.py
E         tracked but not in the manifest: s9_L5.py
E         tracked but not in the manifest: sector_selection_s1.py
E         tracked but not in the manifest: sf1_formation.py
E         tracked but not in the manifest: sx1_length.py
E         tracked but not in the manifest: t3_01_ir_coefficient.py
E         tracked but not in the manifest: t3_01_preserve_buggy_result.py
E         tracked but not in the manifest: t3_02_quotient_remainder.py
E         tracked but not in the manifest: t3_03_kernel_ratio.py
E         tracked but not in the manifest: t3_04_deep_ir.py
E         tracked but not in the manifest: t3_05_h4_sector.py
E         tracked but not in the manifest: t3_05a_ub_attribution.py
E         tracked but not in the manifest: t3_05b_m4_repair.py
E         tracked but not in the manifest: t3_05b_residual_check.py
E         tracked but not in the manifest: t3_05c_additivity_probe.py
E         tracked but not in the manifest: t3_05c_synthetic_linearity.py
E         tracked but not in the manifest: t3_05d_additivity_bisect.py
E         tracked but not in the manifest: t3_05e_trace_c0c2.py
E         tracked but not in the manifest: t3_05f_kernel_provenance.py
E         tracked but not in the manifest: t3_05g_provenance_close.py
E         tracked but not in the manifest: t3_05g_record_completion.py
E         tracked but not in the manifest: t3_05h_frame_test.py
E         tracked but not in the manifest: t3_05j_additivity_probe_v2.py
E         tracked but not in the manifest: t3_05j_ub_survival.py
E         tracked but not in the manifest: t3_05k2_namespace_reconciliation.py
E         tracked but not in the manifest: t3_05k_partition_reconciliation.py
E         tracked but not in the manifest: t3_05l_p_branch_absorptive.py
E         tracked but not in the manifest: t3_06a_structure_adjudication.py
E         tracked but not in the manifest: t3_06b_keystone_status.py
E         tracked but not in the manifest: t3_07_h6_extraction_adjudication.py
E         tracked but not in the manifest: t3_07_h_exactness_refutation.py
E         tracked but not in the manifest: t3_07b_slot_certificate.py
E         tracked but not in the manifest: t3_08a_two_time_structure.py
E         tracked but not in the manifest: t3_09_representation_closure.py
E         tracked but not in the manifest: t3_09b_transform_verification.py
E         tracked but not in the manifest: tt1_channel.py
E         tracked but not in the manifest: u1_universality.py
E         tracked but not in the manifest: xi_stochastic_closure.py

test_public_doc.py:381: AssertionError
______________ TestPublicNumbers.test_no_drift_from_the_register _______________

self = <test_public_numbers.TestPublicNumbers testMethod=test_no_drift_from_the_register>

    def test_no_drift_from_the_register(self):
        r = subprocess.run([sys.executable, os.path.join(HERE, "emit_public_numbers.py"), "--check"],
                           capture_output=True, text=True, timeout=600)
>       self.assertEqual(r.returncode, 0,
                         f"the emitted numbers no longer match the register:\n{r.stdout}")
E       AssertionError: 1 != 0 : the emitted numbers no longer match the register:
E       DRIFT: PUBLIC_NUMBERS.md does not match a fresh run. Regenerate with --write.

test_public_numbers.py:32: AssertionError
____________ TestPublicNumbers.test_the_stamped_test_count_is_true _____________

self = <test_public_numbers.TestPublicNumbers testMethod=test_the_stamped_test_count_is_true>

    def test_the_stamped_test_count_is_true(self):
        """The block's test count is a stamped constant (the emitter must not recurse through
        pytest). It is enforced HERE against a real collection, so the constant cannot rot."""
        import emit_public_numbers as E
        r = subprocess.run([sys.executable, "-m", "pytest", "--collect-only", "-q"],
                           cwd=HERE, capture_output=True, text=True, timeout=600)
        lines = [l for l in r.stdout.strip().split("\n") if "collected" in l or "tests" in l]
        nums = [int(w) for l in lines for w in l.split() if w.isdigit()]
        self.assertTrue(nums, f"could not parse a collection count from:\n{r.stdout[-400:]}")
>       self.assertEqual(E.STAMPED_TEST_COUNT, max(nums),
                         f"STAMPED_TEST_COUNT is {E.STAMPED_TEST_COUNT} but the suite collects "
                         f"{max(nums)} -- update the constant and regenerate PUBLIC_NUMBERS.md")
E       AssertionError: 240 != 242 : STAMPED_TEST_COUNT is 240 but the suite collects 242 -- update the constant and regenerate PUBLIC_NUMBERS.md

test_public_numbers.py:62: AssertionError
=========================== short test summary info ============================
FAILED test_expected_red.py::TestExpectedRed::test_a_declaration_citing_a_closed_pass_is_refused
FAILED test_expected_red.py::TestExpectedRed::test_a_moot_pass_cannot_be_cited_by_a_declaration
FAILED test_expected_red.py::TestExpectedRed::test_a_symptomless_pass_is_allowed_and_printed
FAILED test_expected_red.py::TestExpectedRed::test_the_declared_state_is_accepted
FAILED test_prereg_immutable.py::TestBlindSafe::test_blind_safe_preregs_carry_no_result_adjacent_numerics
FAILED test_prereg_immutable.py::TestBlindSafe::test_no_sealed_prereg_points_outward_at_its_own_context
FAILED test_public_doc.py::TestPublicDoc::test_the_calc_manifest_matches_the_repository
FAILED test_public_numbers.py::TestPublicNumbers::test_no_drift_from_the_register
FAILED test_public_numbers.py::TestPublicNumbers::test_the_stamped_test_count_is_true
9 failed, 232 passed, 1 skipped in 52.91s
