test_boundary_order_before_all_callbacks (development.final_precard.test_oracles.AblationReference.test_boundary_order_before_all_callbacks) ... ok
test_full_K_mask_and_missing_image (development.final_precard.test_oracles.AblationReference.test_full_K_mask_and_missing_image) ... ok
test_reference_measure_contract (development.final_precard.test_oracles.AblationReference.test_reference_measure_contract) ... ok
test_unresolved_and_mismatched_inputs (development.final_precard.test_oracles.AblationReference.test_unresolved_and_mismatched_inputs) ... ok
test_zero_weight_fiber_and_all_excluded_VOID (development.final_precard.test_oracles.AblationReference.test_zero_weight_fiber_and_all_excluded_VOID) ... ok
test_domain_and_finite_chart_validation (development.final_precard.test_oracles.HostileBathReference.test_domain_and_finite_chart_validation) ... ok
test_invertible_affine_exact_zero_certificate (development.final_precard.test_oracles.HostileBathReference.test_invertible_affine_exact_zero_certificate) ... ok
test_near_zero_is_not_exact_zero (development.final_precard.test_oracles.HostileBathReference.test_near_zero_is_not_exact_zero) ... ok
test_representation_covariance (development.final_precard.test_oracles.HostileBathReference.test_representation_covariance) ... ok
test_singular_and_degenerate_covariance_reject (development.final_precard.test_oracles.HostileBathReference.test_singular_and_degenerate_covariance_reject) ... ok
test_static_tail_exact_witness (development.final_precard.test_oracles.HostileBathReference.test_static_tail_exact_witness) ... ok
test_all_operators_have_explicit_valid_payload (development.final_precard.test_oracles.PriceReference.test_all_operators_have_explicit_valid_payload) ... ok
test_alpha_equivalent_normal_prices (development.final_precard.test_oracles.PriceReference.test_alpha_equivalent_normal_prices) ... ok
test_alphabet_and_reserved_slots (development.final_precard.test_oracles.PriceReference.test_alphabet_and_reserved_slots) ... ok
test_capture_and_free_variable_preservation (development.final_precard.test_oracles.PriceReference.test_capture_and_free_variable_preservation) ... ok
test_definition_charge_and_cycles (development.final_precard.test_oracles.PriceReference.test_definition_charge_and_cycles) ... ok
test_elias_exact_power_boundaries (development.final_precard.test_oracles.PriceReference.test_elias_exact_power_boundaries) ... ok
test_integer_and_literal_domains (development.final_precard.test_oracles.PriceReference.test_integer_and_literal_domains) ... ok
test_ledger_and_hooks (development.final_precard.test_oracles.PriceReference.test_ledger_and_hooks) ... ok
test_malformed_unsupported_and_empty_ast (development.final_precard.test_oracles.PriceReference.test_malformed_unsupported_and_empty_ast) ... ok
test_prenex_nnf_semantics (development.final_precard.test_oracles.PriceReference.test_prenex_nnf_semantics) ... ok
test_quantified_term_is_not_silently_hoisted (development.final_precard.test_oracles.PriceReference.test_quantified_term_is_not_silently_hoisted) ... ok
test_repricing_exact_literal_controls (development.final_precard.test_oracles.PriceReference.test_repricing_exact_literal_controls) ... ok
test_wrong_argument_counts (development.final_precard.test_oracles.PriceReference.test_wrong_argument_counts) ... ok

----------------------------------------------------------------------
Ran 24 tests in 0.212s

OK
