  EXPECTED-RED  test_prereg_immutable.py::TestBlindSafe::test_blind_safe_preregs_carry_no_result_adjacent_numerics
                [P3-SEALED-HISTORY-POLICY] 1 case(s)
                  - PREREG_DESI_DR3_2026-08-18.txt :: an arXiv id
  EXPECTED-RED  test_prereg_immutable.py::TestBlindSafe::test_no_sealed_prereg_points_outward_at_its_own_context
                [P2-TERMINATION-EVENTLOG] 6 case(s)
                  - PREREG_TERMINATION_V3_2026-08-10.txt -> RESULT_TERMINATION_events.txt :: a sigma value
                  - PREREG_TERMINATION_V3_2026-08-10.txt -> RESULT_TERMINATION_events.txt :: a sigma value stated as a quantity rather than as a bound
                  - PREREG_TERMINATION_V3_2026-08-10.txt -> RESULT_TERMINATION_events.txt :: an arXiv id
                  - PREREG_TERMINATION_V4_2026-08-10.txt -> RESULT_TERMINATION_events.txt :: a sigma value
                  - PREREG_TERMINATION_V4_2026-08-10.txt -> RESULT_TERMINATION_events.txt :: a sigma value stated as a quantity rather than as a bound
                  - PREREG_TERMINATION_V4_2026-08-10.txt -> RESULT_TERMINATION_events.txt :: an arXiv id
                [P3-SEALED-HISTORY-POLICY] 1 case(s)
                  - PREREG_DESI_DR3_2026-08-18_v2.txt -> RESULT_DESI_DR3_CONTEXT_2026-08-18.txt :: an arXiv id
                [P4-TERMINATION-KAPPA-RESULT] 3 case(s)
                  - PREREG_TERMINATION_V3_2026-08-10.txt -> RESULT_KAPPA_2026-08-08.txt :: a sigma value
                  - PREREG_TERMINATION_V3_2026-08-10.txt -> RESULT_KAPPA_2026-08-08.txt :: a sigma value stated as a quantity rather than as a bound
                  - PREREG_TERMINATION_V3_2026-08-10.txt -> RESULT_KAPPA_2026-08-08.txt :: a signed numeric range

  *** ORPHANED OPEN PASS 'P6-STALE-NETS-IN-STANDING-DOCS': open, and no declared case cites it.
      Either it was ruled and OPEN_PASSES.txt was not updated, or its symptom disappeared without a ruling -- in which case it is MOOT, not CLOSED, and the stanza must say so. If it genuinely cannot have a symptom, declare MAY_HAVE_NO_SYMPTOM: yes with the reason no instrument can see it.

FAIL: the failing set is not the declared set.
