==============================================================================
BANK-TIME GATE   (baseline: claims.baseline.json)
==============================================================================
changed claims: 24   net ledger: 14 -> 16 (CHANGED)

  [NEW-FLAG/NEW-NODE] rung1_inin_formalism  (NEW)

  [NEW-FLAG/NEW-NODE] rung1_ontology_finite_memory  (NEW)

  !!! [NEW-FLAG/TIER-OR-LEDGER] rung2_kms_gate  (changed: ['depends_on', 'edge_note', 'tier'])
     ^ TIER/LEDGER/DISPOSITION MOVED -- categorically above a field edit; this line is loud on purpose.

  [NEW-FLAG/SUBSTANTIVE] rung3_single_pole  (changed: ['boundary_condition', 'depends_on', 'edge_note', 'overturning_computation', 'tier_note'])

  !!! [NEW-FLAG/TIER-OR-LEDGER] rung4_love_kk  (changed: ['depends_on', 'edge_note', 'tier'])
     ^ TIER/LEDGER/DISPOSITION MOVED -- categorically above a field edit; this line is loud on purpose.

  [NEW-FLAG/SUBSTANTIVE] rung5_gr_limit  (changed: ['depends_on', 'edge_note'])

  [NEW-FLAG/SUBSTANTIVE] rung6_qm_limit  (changed: ['depends_on', 'edge_note'])

  [NEW-FLAG/SUBSTANTIVE] rung7_wz  (changed: ['depends_on', 'edge_note', 'statement'])

  [NEW-FLAG/SUBSTANTIVE] rung8_falsifier  (changed: ['cutoff_convention', 'depends_on', 'edge_note'])

  [NEW-FLAG/SUBSTANTIVE] rung9b_bridge  (changed: ['depends_on', 'edge_note'])
     - RE-OPENS: 'rung9b_bridge' is currently a closed/disfavored disposition (disposition='settled-negative'); changing it re-opens settled ground -- firewall must decide.

  [NEW-FLAG/SUBSTANTIVE] arrow_of_time  (changed: ['depends_on', 'edge_note'])

  [NEW-FLAG/SUBSTANTIVE] p_tt_ansatz  (changed: ['depends_on', 'edge_note'])

  !!! [NEW-FLAG/TIER-OR-LEDGER] info_i1_renorm_as_information  (changed: ['depends_on', 'edge_note', 'tier'])
     ^ TIER/LEDGER/DISPOSITION MOVED -- categorically above a field edit; this line is loud on purpose.

  [NEW-FLAG/SUBSTANTIVE] info_i2_beyond_standard_bridge  (changed: ['depends_on', 'edge_note'])
     - RE-OPENS: 'info_i2_beyond_standard_bridge' is currently a closed/disfavored disposition (disposition='screened-refuted'); changing it re-opens settled ground -- firewall must decide.

  [NEW-FLAG/SUBSTANTIVE] l0_r2_exact_unique_breaker  (changed: ['depends_on', 'edge_note'])
     - RE-OPENS: 'l0_r2_exact_unique_breaker' is currently a closed/disfavored disposition (disposition='screened-dissolves'); changing it re-opens settled ground -- firewall must decide.

  !!! [NEW-FLAG/TIER-OR-LEDGER] rung7_w1_wz_map  (changed: ['depends_on', 'edge_note', 'tier'])
     ^ TIER/LEDGER/DISPOSITION MOVED -- categorically above a field edit; this line is loud on purpose.

  !!! [NEW-FLAG/TIER-OR-LEDGER] u1_form_universality  (changed: ['depends_on', 'edge_note', 'tier'])
     ^ TIER/LEDGER/DISPOSITION MOVED -- categorically above a field edit; this line is loud on purpose.

  [NEW-FLAG/SUBSTANTIVE] u2_kernel_universality  (changed: ['depends_on', 'edge_note'])

  [NEW-FLAG/SUBSTANTIVE] eft_operator_basis  (changed: ['depends_on', 'edge_note'])

  !!! [NEW-FLAG/TIER-OR-LEDGER] passivity_channel_diagonal  (changed: ['tier'])
     ^ TIER/LEDGER/DISPOSITION MOVED -- categorically above a field edit; this line is loud on purpose.

  [NEW-FLAG/SUBSTANTIVE] analogue_gravity_acoustic  (changed: ['attaches_to', 'edge_note'])

  [NEW-FLAG/NEW-NODE] background_time_translation_flow  (NEW)

  [NEW-FLAG/NEW-NODE] response_lorentz_covariance  (NEW)
     - ORPHANED-RESULT: a new 'shown' result with empty depends_on rests on nothing -- a result should rest on something (or be marked a borrowed axiom).

  [NEW-FLAG/NEW-NODE] kr_contract_retarded_tier4  (NEW)

  [NEW-FLAG/DELETION] DELETED claim: rung1_inin_action (removing a banked claim is substantive)

  flags: 25 NEW (never reviewed) / 0 held (reviewed, awaiting accept)

OVERALL: FLAG-FOR-FIREWALL
  -> surfaced for the both-directions firewall + human relay before acceptance.
