test_DB_hidden_lift_pair_symmetry (test_controls.PhysicalControls.test_DB_hidden_lift_pair_symmetry) ... ok
test_GKLS_rates_and_Gibbs_ratio (test_controls.PhysicalControls.test_GKLS_rates_and_Gibbs_ratio) ... ok
test_Gibbs_preserving_does_not_imply_DB (test_controls.PhysicalControls.test_Gibbs_preserving_does_not_imply_DB) ... ok
test_NOT_excluded_from_CTMC_but_unitary (test_controls.PhysicalControls.test_NOT_excluded_from_CTMC_but_unitary) ... ok
test_PR_normalized_no_signalling (test_controls.PhysicalControls.test_PR_normalized_no_signalling) ... ok
test_all_feedback_records (test_controls.PhysicalControls.test_all_feedback_records) ... ok
test_anomaly_cancellation_does_not_select_charge_scale (test_controls.PhysicalControls.test_anomaly_cancellation_does_not_select_charge_scale) ... ok
test_classical_shift_strict_cone_and_arrival (test_controls.PhysicalControls.test_classical_shift_strict_cone_and_arrival) ... ok
test_cptp_trace_preservation_and_choi_rank (test_controls.PhysicalControls.test_cptp_trace_preservation_and_choi_rank) ... ok
test_energy_conserving_thermal_operation_same_visible_kernel (test_controls.PhysicalControls.test_energy_conserving_thermal_operation_same_visible_kernel) ... ok
test_faithful_finite_bath_rank_obstruction (test_controls.PhysicalControls.test_faithful_finite_bath_rank_obstruction) ... ok
test_generic_rank_bound_does_not_imply_perfect_discrimination (test_controls.PhysicalControls.test_generic_rank_bound_does_not_imply_perfect_discrimination) ... ok
test_instrument_reports_correct_bit_not_relabelled (test_controls.PhysicalControls.test_instrument_reports_correct_bit_not_relabelled) ... ok
test_landauer_identity_and_cost (test_controls.PhysicalControls.test_landauer_identity_and_cost) ... ok
test_local_quantum_Hamiltonian_has_tails (test_controls.PhysicalControls.test_local_quantum_Hamiltonian_has_tails) ... ok
test_original_equations_against_frozen_table (test_controls.PhysicalControls.test_original_equations_against_frozen_table) ... ok
test_positive_transpose_not_completely_positive (test_controls.PhysicalControls.test_positive_transpose_not_completely_positive) ... ok
test_register_probe_is_identity (test_controls.PhysicalControls.test_register_probe_is_identity) ... ok
test_reset_gram_rank_resource (test_controls.PhysicalControls.test_reset_gram_rank_resource) ... ok
test_reversible_conductance_constraints (test_controls.PhysicalControls.test_reversible_conductance_constraints) ... ok
test_reversible_controller_counts_garbage (test_controls.PhysicalControls.test_reversible_controller_counts_garbage) ... ok

----------------------------------------------------------------------
Ran 21 tests in 0.335s

OK
21 tests PASS; 12 standard-control groups; evidence matches. DRAFT; Card 1 CLOSED.
